// Jest Snapshot v1, https://goo.gl/fbAQLP

exports[`CustomerList that it matches the existing snapshot 1`] = `
<DocumentFragment>
  <h2
    class="title"
  >
    Rental Library
  </h2>
  <div
    class="row"
  />
</DocumentFragment>
`;
